Задача 1. Решение:
 
Используя команду cat в терминале операционной системы Linux, создать два файла Домашние животные (заполнив файл собаками, кошками,
хомяками) и Вьючные животными заполнив файл Лошадьми, верблюдами и ослы), 
dev@dev-vm:~$ mkdir certification
dev@dev-vm:~/certification$ cat > Домашние_животные
Собаки
Кошки
Хомяки
dev@dev-vm:~/certification$ cat > Вьючные_животные
Лошади
Верблюды
Ослы

а затем объединить их. Просмотреть содержимое созданного файла.

dev@dev-vm:~/certification$ cat Домашние_животные Вьючные_животные > common_файл
dev@dev-vm:~/certification$ cat common_файл
Собаки
Кошки
Хомяки

Лошади
Верблюды
Ослы


Переименовать файл, дав ему новое имя (Друзья человека).
dev@dev-vm:~/certification$ mv common_файл Друзья_человека
dev@dev-vm:~/certification$ ls -l Друзья_человека
-rw-rw-r-- 1 dev dev 77 июн  9 12:19 Друзья_человека
dev@dev-vm:~/certification$ ll
total 20
drwxrwxr-x  2 dev dev 4096 июн  9 12:20 ./
drwxr-x--- 15 dev dev 4096 июн  9 12:16 ../
-rw-rw-r--  1 dev dev   39 июн  9 12:18 Вьючные_животные
-rw-rw-r--  1 dev dev   38 июн  9 12:17 Домашние_животные
-rw-rw-r--  1 dev dev   77 июн  9 12:19 Друзья_человека

Задача 2. Решение: 
Создать директорию, переместить файл туда.
dev@dev-vm:~/certification$ mkdir new_directory
dev@dev-vm:~/certification$ ll
total 24
drwxrwxr-x  3 dev dev 4096 июн  9 12:25 ./
drwxr-x--- 15 dev dev 4096 июн  9 12:16 ../
drwxrwxr-x  2 dev dev 4096 июн  9 12:25 new_directory/
-rw-rw-r--  1 dev dev   39 июн  9 12:18 Вьючные_животные
-rw-rw-r--  1 dev dev   38 июн  9 12:17 Домашние_животные
-rw-rw-r--  1 dev dev   77 июн  9 12:19 Друзья_человека
dev@dev-vm:~/certification$ mv Друзья_человека new_directory/
dev@dev-vm:~/certification$ ls -l new_directory/Друзья_человека
-rw-rw-r-- 1 dev dev 77 июн  9 12:19 new_directory/Друзья_человека


Задача 3. Решение:  
Подключить дополнительный репозиторий MySQL. Установить любой пакет из этого репозитория.

dev@dev-vm:~/certification$ sudo apt update
dev@dev-vm:~/certification$ sudo apt install mysql-server mysql-client
eading package lists... Done
Building dependency tree... Done
Reading state information... Done
mysql-client is already the newest version (8.0.36-0ubuntu0.22.04.1).
mysql-server is already the newest version (8.0.36-0ubuntu0.22.04.1).
The following packages were automatically installed and are no longer required:
  libwpe-1.0-1 libwpebackend-fdo-1.0-1
Use 'sudo apt autoremove' to remove them.
0 upgraded, 0 newly installed, 0 to remove and 3 not upgraded.
dev@dev-vm:~/certification$ sudo apt-cache search mysql
dev@dev-vm:~/certification$ sudo apt install php-mysql
Reading package lists... Done
Building dependency tree... Done
Reading state information... Done
php-mysql is already the newest version (2:8.1+92ubuntu1).
The following packages were automatically installed and are no longer required:
  libwpe-1.0-1 libwpebackend-fdo-1.0-1
dev@dev-vm:~/certification$ systemctl status mysql.service
● mysql.service - MySQL Community Server
     Loaded: loaded (/lib/systemd/system/mysql.service; enabled; vendor preset: enabled)
     Active: active (running) since Sun 2024-06-09 13:21:16 +05; 41min ago
   Main PID: 28995 (mysqld)
     Status: "Server is operational"
      Tasks: 37 (limit: 4554)
     Memory: 365.7M
        CPU: 30.882s
     CGroup: /system.slice/mysql.service
             └─28995 /usr/sbin/mysqld

июн 09 13:21:16 dev-vm systemd[1]: Starting MySQL Community Server...
июн 09 13:21:16 dev-vm systemd[1]: Started MySQL Community Server.




Задача 4. Решение:  
Установить и удалить deb-пакет с помощью dpkg.
dev@dev-vm:~/certification$ dpkg -l
dev@dev-vm:~/certification$ wget -c https://dl.google.com/linux/direct/google-chrome-stable_current_amd64.deb
dev@dev-vm:~/certification$ sudo dpkg -i google-chrome-stable_current_amd64.deb


Задача 5. Решение:  
Выложить историю команд в терминале ubuntu
dev@dev-vm:~/certification$ history
    1  sudo apt update
    2  sudo apt upgrade
    3  mkdir certification
    4  cd mkdir certification
    5  cd certification
    6  cat > Домашние_животные
    7  Собаки
    8  Кошки
    9  Хомяки
   10  cat > Вьючные_животные
   11  Лошади
   12  Верблюды
   13  Ослы
   14  cat Домашние_животные Вьючные_животные > common_файл
   15  cat common_файл
   16  clear
   17  cat > Домашние_животные
   18  clear
   19  cat > Домашние_животные
   20  Собаки
   21  Кошки
   22  Хомяки
   23  clear
   24  cat > Домашние_животные
   25  Собаки
   26  Кошки
   27  Хомяки
   28  ll
   29  nano Домашние_животные
   30  nano Вьючные_животные
   31  cat Домашние_животные Вьючные_животные > common_файл
   32  cat common_файл
   33  mv common_файл Друзья_человека
   34  ls -l Друзья_человека
   35  mkdir new_directory
   36  ll
   37  mv Друзья_человека new_directory/
   38  ls -l new_directory/Друзья_человека
   39  sudo add-apt-repository 'deb http://repo.mysql.com/apt/ubuntu/ focal main'
   40  sudo apt update
   41  sudo apt install mysql-shell
   42  sudo apt-key adv --keyserver hkp://keyserver.ubuntu.com:80 --recv-keys B7B3B788A8D3785C
   43  sudo apt update
   44  sudo apt clean
   45  sudo apt update
   46  sudo apt-get install mysql-server mysql-client
   47  sudo apt-cache search mysql
   48  sudo apt install php-mysql
   49  sudo apt-cache policy mysql-community-server
   50  sudo apt-cache policy
   51  sudo apt update
   52  sudo apt install mysql-server mysql-client
   53  sudo apt-cache search mysql
   54  sudo apt install php-mysql
   55  sudo apt update
   56  sudo apt-key del /etc/apt/trusted.gpg.d/mysql.gpg
   57  sudo apt-key adv --keyserver hkp://keyserver.ubuntu.com:80 --recv-keys D88E42B4369FC4369FC4369FCE5064A27791BC50
   58  sudo cp /usr/share/keyrings/mysql.gpg /etc/apt/trusted.gpg.d/
   59  sudo apt update
   60  history
   61  sudo dpkg -i teamviewer_15.7.6_amd64.deb
   62  sudo dpkg -i google-chrome-stable_.*.deb
   63  sudo dpkg -i /home/ev/Downloads/google-chrome-stable_.*.deb
   64  apt download
   65  sudo apt download
   66  sudo apt download libfuse2
   67  sudo apt download nginx
   68  sudo apt download nginx -o ~/Downloads/nginx_1.18.0-6ubuntu14.4_amd64.deb
   69  sudo apt download nginx --download-only -o ~/Downloads/nginx_1.18.0-6ubuntu14.4_amd64.deb
   70  sudo apt download nginx --download-only -o ~/home/nginx_1.18.0-6ubuntu14.4_amd64.deb
   71  sudo apt download nginx --download-only -o ~/Downloads/nginx_1.18.0-6ubuntu14.4_amd64.deb
   72  dpkg -l
   73  dpkg -l | grep nginx
   74  dpkg -l | grep apache2
   75  sudo dpkg -i zip_3.0-4_amd64.deb
   76  sudo dpkg -i /path/to/your/package.deb
   77  wget -c https://dl.google.com/linux/direct/google-chrome-stable_current_amd64.deb
   78  wget -c http://nginx.org/download/nginx-stable.tar.gz
   79  sudo dpkg -i google-chrome-stable_current_amd64.deb
   80  history
   81  sudo dpkg -r google-chrome-stable
   82  sudo apt autoremove



Задача 6. Решение: 

Нарисовать диаграмму, в которой есть класс родительский класс, домашние
животные и вьючные животные, в составы которых в случае домашних
животных войдут классы: собаки, кошки, хомяки, а в класс вьючные животные
войдут: Лошади, верблюды и ослы).

визуальное представление диаграммы классов,
classDiagram
    class Animal {
        <<abstract>>
        +name: str
        +age: int
        +weight: float
        +eat()
        +sleep()
    }
    
    class DomesticAnimal {
        <<abstract>>
        +breed: str
        +train()
    }
    
    class PackAnimal {
        <<abstract>>
        +loadCapacity: float
        +carry()
    }
    
    class Dog {
        +breed: str
        +bark()
    }
    
    class Cat {
        +breed: str
        +meow()
    }
    
    class Hamster {
        +breed: str
        +cheek()
    }
    
    class Horse {
        +breed: str
        +gallop()
    }
    
    class Camel {
        +breed: str
        +spit()
    }
    
    class Donkey {
        +breed: str
        +bray()
    }
    
    Animal <|-- DomesticAnimal
    Animal <|-- PackAnimal
    DomesticAnimal <|-- Dog
    DomesticAnimal <|-- Cat
    DomesticAnimal <|-- Hamster
    PackAnimal <|-- Horse
    PackAnimal <|-- Camel
    PackAnimal <|-- Donkey

Абстрактные классы Animal, DomesticAnimal и PackAnimal находятся в верхней части диаграммы.
Конкретные классы животных, такие как Dog, Cat, Hamster, Horse, Camel и Donkey, наследуют 
от соответствующих абстрактных классов.
Стрелки с <|-- обозначают наследование. 
Например, Dog наследует от DomesticAnimal, который в свою очередь наследует от Animal.

Задача 7. Решение: 
В подключенном MySQL репозитории создать базу данных “Друзья человека”

dev@dev-vm:~/certification$ sudo mysql -u root --skip-password
mysql: [Warning] Using a password on the command line interface can be insecure.
Welcome to the MySQL monitor.  Commands end with ; or \g.
Your MySQL connection id is 19
Server version: 8.0.36-0ubuntu0.22.04.1 (Ubuntu)

Copyright (c) 2000, 2024, Oracle and/or its affiliates.

Oracle is a registered trademark of Oracle Corporation and/or its
affiliates. Other names may be trademarks of their respective
owners.

Type 'help;' or '\h' for help. Type '\c' to clear the current input statement.

mysql> CREATE DATABASE FriendsOfHumanity;
Query OK, 1 row affected (0,00 sec)

mysql> USE FriendsOfHumanity;
Database changed
mysql> SHOW DATABASES;
+--------------------+
| Database           |
+--------------------+
| FriendsOfHumanity  |
| information_schema |
| mysql              |
| performance_schema |
| sys                |
+--------------------+
5 rows in set (0,00 sec)



Задачи 8-9. Решение: 
8. Создать таблицы с иерархией из диаграммы в БД
9. Заполнить низкоуровневые таблицы именами(животных), командами
которые они выполняют и датами рождения
mysql> CREATE TABLE Animal (
    ->     id INT PRIMARY KEY AUTO_INCREMENT,
    ->     breed VARCHAR(255),
    ->     gallop BOOLEAN DEFAULT FALSE,
    ->     bray BOOLEAN DEFAULT FALSE,
    ->     packAnimal_id INT,
    ->     birthDate DATE
    -> );
Query OK, 0 rows affected (0,01 sec)

mysql> INSERT INTO Animal (breed, gallop, bray, packAnimal_id, birthDate)
    -> VALUES
    ->     ('Arabian', TRUE, FALSE, 3, '2019-03-03'),
    ->     ('Miniature', FALSE, TRUE, 3, '2019-03-03');
Query OK, 2 rows affected (0,00 sec)
Records: 2  Duplicates: 0  Warnings: 0

mysql> CREATE TABLE Cat (
    ->     id INT PRIMARY KEY AUTO_INCREMENT,
    ->     breed VARCHAR(255),
    ->     gallop BOOLEAN DEFAULT FALSE,
    ->     bray BOOLEAN DEFAULT FALSE,
    ->     packAnimal_id INT,
    ->     birthDate DATE
    -> );
Query OK, 0 rows affected (0,01 sec)

mysql> INSERT INTO Cat (breed, gallop, bray, packAnimal_id, birthDate)
    -> VALUES
    ->     ('Siamese', FALSE, FALSE, NULL, '2022-02-02');
Query OK, 1 row affected (0,00 sec)

mysql> CREATE TABLE Dog (
    ->     id INT PRIMARY KEY AUTO_INCREMENT,
    ->     breed VARCHAR(255),
    ->     gallop BOOLEAN DEFAULT FALSE,
    ->     bray BOOLEAN DEFAULT FALSE,
    ->     packAnimal_id INT,
    ->     birthDate DATE
    -> );
Query OK, 0 rows affected (0,01 sec)

mysql> INSERT INTO Dog (breed, gallop, bray, packAnimal_id, birthDate)
    -> VALUES
    ->     ('Golden Retriever', FALSE, FALSE, NULL, '2021-01-01'),
    ->     ('Poodle', FALSE, FALSE, NULL, '2019-03-03');
Query OK, 2 rows affected (0,00 sec)
Records: 2  Duplicates: 0  Warnings: 0

mysql> CREATE TABLE DomesticAnimal (
    ->     id INT PRIMARY KEY AUTO_INCREMENT,
    ->     breed VARCHAR(255),
    ->     gallop BOOLEAN DEFAULT FALSE,
    ->     bray BOOLEAN DEFAULT FALSE,
    ->     packAnimal_id INT,
    ->     birthDate DATE
    -> );
Query OK, 0 rows affected (0,02 sec)

mysql> INSERT INTO DomesticAnimal (breed, gallop, bray, packAnimal_id, birthDate)
    -> VALUES
    ->     ('Golden Retriever', FALSE, FALSE, NULL, '2021-01-01'),
    ->     ('Siamese', FALSE, FALSE, NULL, '2022-02-02'),
    ->     ('Poodle', FALSE, FALSE, NULL, '2019-03-03');
Query OK, 3 rows affected (0,00 sec)
Records: 3  Duplicates: 0  Warnings: 0

mysql> CREATE TABLE Hamster (
    ->     id INT PRIMARY KEY AUTO_INCREMENT,
    ->     breed VARCHAR(255),
    ->     gallop BOOLEAN DEFAULT FALSE,
    ->     bray BOOLEAN DEFAULT FALSE,
    ->     packAnimal_id INT,
    ->     birthDate DATE
    -> );
Query OK, 0 rows affected (0,02 sec)

mysql> INSERT INTO Hamster (breed, gallop, bray, packAnimal_id, birthDate)
    -> VALUES
    ->     ('Syrian', FALSE, FALSE, NULL, '2019-03-03');
Query OK, 1 row affected (0,01 sec)

mysql> CREATE TABLE HorseDonkey (
    ->     id INT PRIMARY KEY AUTO_INCREMENT,
    ->     breed VARCHAR(255),
    ->     gallop BOOLEAN DEFAULT FALSE,
    ->     bray BOOLEAN DEFAULT FALSE,
    ->     packAnimal_id INT,
    ->     birthDate DATE
    -> );
ERROR 1050 (42S01): Table 'HorseDonkey' already exists
mysql> 
mysql> INSERT INTO HorseDonkey (breed, gallop, bray, packAnimal_id, birthDate)
    -> VALUES
    ->     ('Arabian', TRUE, FALSE, 3, '2019-03-03'),
    ->     ('Miniature', FALSE, TRUE, 3, '2019-03-03');
Query OK, 2 rows affected (0,01 sec)
Records: 2  Duplicates: 0  Warnings: 0

mysql> INSERT INTO HorseDonkey (breed, gallop, bray, packAnimal_id, birthDate)
    -> VALUES
    ->     ('Arabian', TRUE, FALSE, 3, '2019-03-03'),
    ->     ('Miniature', FALSE, TRUE, 3, '2019-03-03');
Query OK, 2 rows affected (0,00 sec)
Records: 2  Duplicates: 0  Warnings: 0

mysql> CREATE TABLE PackAnimal (
    ->     id INT PRIMARY KEY AUTO_INCREMENT,
    ->     breed VARCHAR(255),
    ->     gallop BOOLEAN DEFAULT FALSE,
    ->     bray BOOLEAN DEFAULT FALSE,
    ->     packAnimal_id INT,
    ->     birthDate DATE
    -> );
Query OK, 0 rows affected (0,02 sec)

mysql> INSERT INTO PackAnimal (breed, gallop, bray, packAnimal_id, birthDate)
    -> VALUES
    ->     ('Arabian', TRUE, FALSE, 3, '2019-03-03'),
    ->     ('Miniature', FALSE, TRUE, 3, '2019-03-03');
Query OK, 2 rows affected (0,01 sec)
Records: 2  Duplicates: 0  Warnings: 0

mysql> CREATE TABLE Camel (
    ->     id INT PRIMARY KEY AUTO_INCREMENT,
    ->     breed VARCHAR(255),
    ->     gallop BOOLEAN DEFAULT FALSE,
    ->     bray BOOLEAN DEFAULT FALSE,
    ->     packAnimal_id INT,
    ->     birthDate DATE
    -> );
Query OK, 0 rows affected (0,03 sec)

mysql> 
mysql> INSERT INTO Camel (breed, gallop, bray, packAnimal_id, birthDate)
    -> VALUES
    ->     ('Bactrian', FALSE, TRUE, 3, '2019-03-03'),
    ->     ('Dromedary', FALSE, TRUE, 3, '2019-03-03');
Query OK, 2 rows affected (0,01 sec)
Records: 2  Duplicates: 0  Warnings: 0


mysql> show tables;
+-----------------------------+
| Tables_in_FriendsOfHumanity |
+-----------------------------+
| Animal                      |
| Camel                       |
| Cat                         |
| Dog                         |
| DomesticAnimal              |
| Hamster                     |
| PackAnimal                  |
+-----------------------------+
7 rows in set (0,00 sec)


mysql> select * from Animal;
+----+-----------+--------+------+---------------+------------+
| id | breed     | gallop | bray | packAnimal_id | birthDate  |
+----+-----------+--------+------+---------------+------------+
|  1 | Arabian   |      1 |    0 |             3 | 2019-03-03 |
|  2 | Miniature |      0 |    1 |             3 | 2019-03-03 |
+----+-----------+--------+------+---------------+------------+
2 rows in set (0,01 sec)

mysql> select * from Camel;
+----+-----------+--------+------+---------------+------------+
| id | breed     | gallop | bray | packAnimal_id | birthDate  |
+----+-----------+--------+------+---------------+------------+
|  1 | Bactrian  |      0 |    1 |             3 | 2019-03-03 |
|  2 | Dromedary |      0 |    1 |             3 | 2019-03-03 |
+----+-----------+--------+------+---------------+------------+
2 rows in set (0,00 sec)

mysql> select * from Cat;
+----+---------+--------+------+---------------+------------+
| id | breed   | gallop | bray | packAnimal_id | birthDate  |
+----+---------+--------+------+---------------+------------+
|  1 | Siamese |      0 |    0 |          NULL | 2022-02-02 |
+----+---------+--------+------+---------------+------------+
1 row in set (0,00 sec)

mysql> select * from Dog;
+----+------------------+--------+------+---------------+------------+
| id | breed            | gallop | bray | packAnimal_id | birthDate  |
+----+------------------+--------+------+---------------+------------+
|  1 | Golden Retriever |      0 |    0 |          NULL | 2021-01-01 |
|  2 | Poodle           |      0 |    0 |          NULL | 2019-03-03 |
+----+------------------+--------+------+---------------+------------+
2 rows in set (0,00 sec)

mysql> select * from DomesticAnimal;
+----+------------------+--------+------+---------------+------------+
| id | breed            | gallop | bray | packAnimal_id | birthDate  |
+----+------------------+--------+------+---------------+------------+
|  1 | Golden Retriever |      0 |    0 |          NULL | 2021-01-01 |
|  2 | Siamese          |      0 |    0 |          NULL | 2022-02-02 |
|  3 | Poodle           |      0 |    0 |          NULL | 2019-03-03 |
+----+------------------+--------+------+---------------+------------+
3 rows in set (0,00 sec)

mysql> select * from Hamster;
+----+--------+--------+------+---------------+------------+
| id | breed  | gallop | bray | packAnimal_id | birthDate  |
+----+--------+--------+------+---------------+------------+
|  1 | Syrian |      0 |    0 |          NULL | 2019-03-03 |
+----+--------+--------+------+---------------+------------+
1 row in set (0,00 sec)

mysql> select * from HorseDonkey;
+----+-----------+--------+------+---------------+------------+
| id | breed     | gallop | bray | packAnimal_id | birthDate  |
+----+-----------+--------+------+---------------+------------+
|  1 | Arabian   |      1 | NULL |             3 | 2019-03-03 |
|  2 | Arabian   |      1 | NULL |             3 | 2019-03-03 |
|  3 | Miniature |   NULL |    1 |             3 | 2019-03-03 |
|  4 | Miniature |   NULL |    1 |             3 | 2019-03-03 |
|  8 | Arabian   |      1 |    0 |             3 | 2019-03-03 |
|  9 | Miniature |      0 |    1 |             3 | 2019-03-03 |
| 10 | Arabian   |      1 |    0 |             3 | 2019-03-03 |
| 11 | Miniature |      0 |    1 |             3 | 2019-03-03 |
+----+-----------+--------+------+---------------+------------+
8 rows in set (0,00 sec)

mysql> select * from PackAnimal;
+----+-----------+--------+------+---------------+------------+
| id | breed     | gallop | bray | packAnimal_id | birthDate  |
+----+-----------+--------+------+---------------+------------+
|  1 | Arabian   |      1 |    0 |             3 | 2019-03-03 |
|  2 | Miniature |      0 |    1 |             3 | 2019-03-03 |
+----+-----------+--------+------+---------------+------------+
2 rows in set (0,00 sec)




Задача 10. Решение:
Удалив из таблицы верблюдов, т.к. верблюдов решили перевезти в другой
питомник на зимовку. Объединить таблицы лошади, и ослы в одну таблицу.


mysql> drop table Camel;
Query OK, 0 rows affected (0,01 sec)

mysql> show tables;
+-----------------------------+
| Tables_in_FriendsOfHumanity |
+-----------------------------+
| Animal                      |
| Cat                         |
| Dog                         |
| DomesticAnimal              |
| Hamster                     |
| PackAnimal                  |
+-----------------------------+
6 rows in set (0,00 sec)

mysql> CREATE TABLE HorseDonkey (
    ->     id INT PRIMARY KEY AUTO_INCREMENT,
    ->     breed VARCHAR(255),
    ->     gallop BOOLEAN DEFAULT FALSE,
    ->     bray BOOLEAN DEFAULT FALSE,
    ->     packAnimal_id INT,
    ->     birthDate DATE
    -> );
Query OK, 0 rows affected (0,02 sec)

mysql> INSERT INTO HorseDonkey (breed, gallop, bray, packAnimal_id, birthDate)
    -> SELECT breed, gallop, NULL, packAnimal_id, birthDate FROM Horse
    -> UNION ALL
    -> SELECT breed, NULL, bray, packAnimal_id, birthDate FROM Donkey;
Query OK, 4 rows affected (0,00 sec)
Records: 4  Duplicates: 0  Warnings: 0

mysql> show tables;
+-----------------------------+
| Tables_in_FriendsOfHumanity |
+-----------------------------+
| Animal                      |
| Cat                         |
| Dog                         |
| DomesticAnimal              |
| Donkey                      |
| Hamster                     |
| Horse                       |
| HorseDonkey                 |
| PackAnimal                  |
+-----------------------------+
9 rows in set (0,00 sec)

mysql> select * from HorseDonkey 
    -> ;
+----+-----------+--------+------+---------------+------------+
| id | breed     | gallop | bray | packAnimal_id | birthDate  |
+----+-----------+--------+------+---------------+------------+
|  1 | Arabian   |      1 | NULL |             3 | 2019-03-03 |
|  2 | Arabian   |      1 | NULL |             3 | 2019-03-03 |
|  3 | Miniature |   NULL |    1 |             3 | 2019-03-03 |
|  4 | Miniature |   NULL |    1 |             3 | 2019-03-03 |
+----+-----------+--------+------+---------------+------------+
4 rows in set (0,00 sec)


Задача 11. Решение:
Создать новую таблицу “молодые животные” в которую попадут все
животные старше 1 года, но младше 3 лет и в отдельном столбце с точностью
до месяца подсчитать возраст животных в новой таблице

mysql> CREATE TABLE YoungAnimals (
    ->     id INT PRIMARY KEY AUTO_INCREMENT,
    ->     breed VARCHAR(255),
    ->     gallop BOOLEAN DEFAULT FALSE,
    ->     bray BOOLEAN DEFAULT FALSE,
    ->     packAnimal_id INT,
    ->     birthDate DATE,
    ->     ageInMonths INT
    -> );
Query OK, 0 rows affected (0,01 sec)

mysql> INSERT INTO YoungAnimals (breed, gallop, bray, packAnimal_id, birthDate, ageInMonths)
    -> SELECT breed, gallop, bray, packAnimal_id, birthDate, TIMESTAMPDIFF(MONTH, birthDate, CURDATE()) AS ageInMonths
    -> FROM (
    ->     SELECT breed, gallop, bray, packAnimal_id, birthDate
    ->     FROM Animal
    ->     WHERE TIMESTAMPDIFF(YEAR, birthDate, CURDATE()) BETWEEN 1 AND 3
    ->     UNION ALL
    ->     SELECT breed, NULL, NULL, packAnimal_id, birthDate
    ->     FROM Cat
    ->     WHERE TIMESTAMPDIFF(YEAR, birthDate, CURDATE()) BETWEEN 1 AND 3
    ->     UNION ALL
    ->     SELECT breed, NULL, NULL, packAnimal_id, birthDate
    ->     FROM Dog
    ->     WHERE TIMESTAMPDIFF(YEAR, birthDate, CURDATE()) BETWEEN 1 AND 3
    ->     UNION ALL
    ->     SELECT breed, NULL, NULL, packAnimal_id, birthDate
    ->     FROM DomesticAnimal
    ->     WHERE TIMESTAMPDIFF(YEAR, birthDate, CURDATE()) BETWEEN 1 AND 3
    ->     UNION ALL
    ->     SELECT breed, NULL, NULL, packAnimal_id, birthDate
    ->     FROM Hamster
    ->     WHERE TIMESTAMPDIFF(YEAR, birthDate, CURDATE()) BETWEEN 1 AND 3
    ->     UNION ALL
    ->     SELECT breed, NULL, NULL, packAnimal_id, birthDate
    ->     FROM HorseDonkey
    ->     WHERE TIMESTAMPDIFF(YEAR, birthDate, CURDATE()) BETWEEN 1 AND 3
    ->     UNION ALL
    ->     SELECT breed, NULL, NULL, packAnimal_id, birthDate
    ->     FROM PackAnimal
    ->     WHERE TIMESTAMPDIFF(YEAR, birthDate, CURDATE()) BETWEEN 1 AND 3
    -> ) AS youngAnimals;
Query OK, 4 rows affected (0,00 sec)
Records: 4  Duplicates: 0  Warnings: 0

mysql> select * from YoungAnimals;
+----+------------------+--------+------+---------------+------------+-------------+
| id | breed            | gallop | bray | packAnimal_id | birthDate  | ageInMonths |
+----+------------------+--------+------+---------------+------------+-------------+
|  1 | Siamese          |   NULL | NULL |          NULL | 2022-02-02 |          28 |
|  2 | Golden Retriever |   NULL | NULL |          NULL | 2021-01-01 |          41 |
|  3 | Golden Retriever |   NULL | NULL |          NULL | 2021-01-01 |          41 |
|  4 | Siamese          |   NULL | NULL |          NULL | 2022-02-02 |          28 |
+----+------------------+--------+------+---------------+------------+-------------+
4 rows in set (0,00 sec)


Задача 12. Решение:
Объединить все таблицы в одну, при этом сохраняя поля, указывающие на
прошлую принадлежность к старым таблицам.


mysql> CREATE TABLE Animals (
    ->     id INT PRIMARY KEY AUTO_INCREMENT,
    ->     breed VARCHAR(255),
    ->     gallop BOOLEAN DEFAULT FALSE,
    ->     bray BOOLEAN DEFAULT FALSE,
    ->     packAnimal_id INT,
    ->     birthDate DATE,
    ->     type VARCHAR(255),
    ->     oldTable VARCHAR(255)
    -> );
Query OK, 0 rows affected (0,02 sec)

mysql> INSERT INTO Animals (breed, gallop, bray, packAnimal_id, birthDate, type, oldTable)
    -> SELECT breed, gallop, bray, packAnimal_id, birthDate, 'Animal', 'Animal'
    -> FROM Animal
    -> UNION ALL
    -> SELECT breed, NULL, NULL, packAnimal_id, birthDate, 'Cat', 'Cat'
    -> FROM Cat
    -> UNION ALL
    -> SELECT breed, NULL, NULL, packAnimal_id, birthDate, 'Dog', 'Dog'
    -> FROM Dog
    -> UNION ALL
    -> SELECT breed, NULL, NULL, packAnimal_id, birthDate, 'DomesticAnimal', 'DomesticAnimal'
    -> FROM DomesticAnimal
    -> UNION ALL
    -> SELECT breed, NULL, NULL, packAnimal_id, birthDate, 'Hamster', 'Hamster'
    -> FROM Hamster
    -> UNION ALL
    -> SELECT breed, NULL, NULL, packAnimal_id, birthDate, 'HorseDonkey', 'HorseDonkey'
    -> FROM HorseDonkey
    -> UNION ALL
    -> SELECT breed, NULL, NULL, packAnimal_id, birthDate, 'PackAnimal', 'PackAnimal'
    -> FROM PackAnimal;
Query OK, 19 rows affected (0,00 sec)
Records: 19  Duplicates: 0  Warnings: 0

mysql> show tables;
+-----------------------------+
| Tables_in_FriendsOfHumanity |
+-----------------------------+
| Animal                      |
| Animals                     |
| Cat                         |
| Dog                         |
| DomesticAnimal              |
| Hamster                     |
| HorseDonkey                 |
| PackAnimal                  |
| YoungAnimals                |
+-----------------------------+
9 rows in set (0,01 sec)

mysql> select * from Animals;
+----+------------------+--------+------+---------------+------------+----------------+----------------+
| id | breed            | gallop | bray | packAnimal_id | birthDate  | type           | oldTable       |
+----+------------------+--------+------+---------------+------------+----------------+----------------+
|  1 | Arabian          |      1 |    0 |             3 | 2019-03-03 | Animal         | Animal         |
|  2 | Miniature        |      0 |    1 |             3 | 2019-03-03 | Animal         | Animal         |
|  3 | Siamese          |   NULL | NULL |          NULL | 2022-02-02 | Cat            | Cat            |
|  4 | Golden Retriever |   NULL | NULL |          NULL | 2021-01-01 | Dog            | Dog            |
|  5 | Poodle           |   NULL | NULL |          NULL | 2019-03-03 | Dog            | Dog            |
|  6 | Golden Retriever |   NULL | NULL |          NULL | 2021-01-01 | DomesticAnimal | DomesticAnimal |
|  7 | Siamese          |   NULL | NULL |          NULL | 2022-02-02 | DomesticAnimal | DomesticAnimal |
|  8 | Poodle           |   NULL | NULL |          NULL | 2019-03-03 | DomesticAnimal | DomesticAnimal |
|  9 | Syrian           |   NULL | NULL |          NULL | 2019-03-03 | Hamster        | Hamster        |
| 10 | Arabian          |   NULL | NULL |             3 | 2019-03-03 | HorseDonkey    | HorseDonkey    |
| 11 | Arabian          |   NULL | NULL |             3 | 2019-03-03 | HorseDonkey    | HorseDonkey    |
| 12 | Miniature        |   NULL | NULL |             3 | 2019-03-03 | HorseDonkey    | HorseDonkey    |
| 13 | Miniature        |   NULL | NULL |             3 | 2019-03-03 | HorseDonkey    | HorseDonkey    |
| 14 | Arabian          |   NULL | NULL |             3 | 2019-03-03 | HorseDonkey    | HorseDonkey    |
| 15 | Miniature        |   NULL | NULL |             3 | 2019-03-03 | HorseDonkey    | HorseDonkey    |
| 16 | Arabian          |   NULL | NULL |             3 | 2019-03-03 | HorseDonkey    | HorseDonkey    |
| 17 | Miniature        |   NULL | NULL |             3 | 2019-03-03 | HorseDonkey    | HorseDonkey    |
| 18 | Arabian          |   NULL | NULL |             3 | 2019-03-03 | PackAnimal     | PackAnimal     |
| 19 | Miniature        |   NULL | NULL |             3 | 2019-03-03 | PackAnimal     | PackAnimal     |
+----+------------------+--------+------+---------------+------------+----------------+----------------+
19 rows in set (0,00 sec)


Задача 13. Решение:
13.Создать класс с Инкапсуляцией методов и наследованием по диаграмме.

class Animal:
    def __init__(self, name, age):
        self.__name = name
        self.__age = age

    def get_name(self):
        return self.__name

    def get_age(self):
        return self.__age

    def make_sound(self):
        pass

class Dog(Animal):
    def __init__(self, name, age, breed):
        super().__init__(name, age)
        self.__breed = breed

    def get_breed(self):
        return self.__breed

    def make_sound(self):
        return "Woof!"

class Cat(Animal):
    def __init__(self, name, age, color):
        super().__init__(name, age)
        self.__color = color

    def get_color(self):
        return self.__color

    def make_sound(self):
        return "Meow!"

# Создание объектов
dog = Dog("Buddy", 5, "Labrador")
cat = Cat("Whiskers", 3, "Black")

# Доступ к методам
print(dog.get_name())  # Buddy
print(dog.get_age())   # 5
print(dog.get_breed())  # Labrador
print(dog.make_sound())  # Woof!

print(cat.get_name())  # Whiskers
print(cat.get_age())   # 3
print(cat.get_color())  # Black
print(cat.make_sound())  # Meow!

Класс Animal является базовым классом, который содержит атрибуты __name и __age, а также методы get_name(), get_age() и make_sound().
Классы Dog и Cat наследуются от класса Animal и добавляют свои собственные атрибуты и методы.
Класс Dog добавляет атрибут __breed и переопределяет метод make_sound().
Класс Cat добавляет атрибут __color и переопределяет метод make_sound().
Методы get_name(), get_age(), get_breed() и get_color() используются для получения значений атрибутов, обеспечивая инкапсуляцию.
Методы make_sound() переопределяются в каждом подклассе, демонстрируя полиморфизм.
В конце создаются объекты dog и cat, и вызываются их методы для демонстрации работы класса.














